Locating Visual Studio... 
Found VS at: C:\Program Files\Microsoft Visual Studio\18\Community 
Building netvis.exe... 
**********************************************************************
** Visual Studio 2026 Developer Command Prompt v18.7.3
** Copyright (c) 2026 Microsoft Corporation
**********************************************************************
[vcvarsall.bat] Environment initialized for: 'x64'
main.cpp
monitor.cpp
netmap.cpp
procname.cpp
windivert_shim.cpp
blocker.cpp
pidblock.cpp
winicon.cpp
icon_cache.cpp
log.cpp
connlist.cpp
hostcache.cpp
alerts.cpp
settings.cpp
blocklist_store.cpp
startup.cpp
license.cpp
Build OK 
