2026/08/08 14:10:18 netvis starting
2026/08/08 14:10:18 netvis: DnsFlushResolverCache -> ok
2026/08/08 14:10:18 netvis: DPI scale = 1.25
2026/08/08 14:10:18 monitor: capture started
2026/08/08 14:10:18 blocker: started, blocklist=99568 allowlist=0 dohIPs=10
2026/08/08 14:16:35 netvis starting
2026/08/08 14:16:35 netvis: DnsFlushResolverCache -> ok
2026/08/08 14:16:35 netvis: DPI scale = 1.25
2026/08/08 14:16:35 monitor: capture started
2026/08/08 14:16:35 blocker: started, blocklist=99568 allowlist=0 dohIPs=10
2026/08/08 14:17:29 pidblock: network-layer enforcement started
2026/08/08 14:17:29 pidblock: Block(9896): socket-layer handle opened, now blocked
2026/08/08 14:17:29 auto-block: brave.exe (pid 9896) exceeded 1.00 MB/s, blocked
2026/08/08 14:17:31 pidblock: dropping tcp port 57984 (pid 9896)
2026/08/08 14:17:33 pidblock: dropping udp port 55814 (pid 9896)
2026/08/08 14:17:35 pidblock: dropping udp port 55814 (pid 9896)
2026/08/08 14:17:37 pidblock: dropping udp port 55814 (pid 9896)
2026/08/08 14:17:40 pidblock: dropping tcp port 58667 (pid 9896)
2026/08/08 14:17:43 pidblock: dropping udp port 63648 (pid 9896)
2026/08/08 14:17:46 pidblock: dropping tcp port 57984 (pid 9896)
2026/08/08 14:17:47 pidblock: network-layer enforcement stopped (no more blocked/limited PIDs)
2026/08/08 14:17:47 pidblock: Unblock(9896): unblocked
2026/08/08 14:17:50 pidblock: network-layer enforcement started
2026/08/08 14:17:50 pidblock: Block(9896): socket-layer handle opened, now blocked
2026/08/08 14:17:50 auto-block: brave.exe (pid 9896) exceeded 1.00 MB/s, blocked
2026/08/08 14:17:50 pidblock: dropping udp port 63110 (pid 9896)
2026/08/08 14:17:53 pidblock: dropping tcp port 58667 (pid 9896)
2026/08/08 14:17:56 pidblock: dropping udp port 63110 (pid 9896)
2026/08/08 14:17:57 pidblock: network-layer enforcement stopped (no more blocked/limited PIDs)
2026/08/08 14:17:57 pidblock: Unblock(9896): unblocked
2026/08/08 14:24:03 netvis shutting down
2026/08/08 14:24:27 netvis starting
2026/08/08 14:24:27 netvis: DnsFlushResolverCache -> ok
2026/08/08 14:24:27 netvis: DPI scale = 1.25
2026/08/08 14:24:27 monitor: capture started
2026/08/08 14:24:27 blocker: started, blocklist=99568 allowlist=0 dohIPs=10
2026/08/08 14:25:03 pidblock: network-layer enforcement started
2026/08/08 14:25:03 pidblock: Block(6296): socket-layer handle opened, now blocked
2026/08/08 14:25:03 auto-block: chrome.exe (pid 6296) exceeded 1.00 KB/s, blocked
2026/08/08 14:25:03 pidblock: dropping tcp port 53256 (pid 6296)
2026/08/08 14:25:05 pidblock: dropping tcp port 56587 (pid 6296)
2026/08/08 14:25:08 pidblock: dropping tcp port 56587 (pid 6296)
2026/08/08 14:25:11 pidblock: dropping tcp port 56587 (pid 6296)
2026/08/08 14:25:13 pidblock: dropping tcp port 53235 (pid 6296)
2026/08/08 14:25:17 pidblock: dropping tcp port 61623 (pid 6296)
2026/08/08 14:25:19 pidblock: dropping tcp port 53235 (pid 6296)
2026/08/08 14:25:21 pidblock: dropping tcp port 55124 (pid 6296)
2026/08/08 14:25:23 pidblock: dropping udp port 51040 (pid 6296)
2026/08/08 14:25:25 pidblock: dropping tcp port 53235 (pid 6296)
2026/08/08 14:25:27 pidblock: network-layer enforcement stopped (no more blocked/limited PIDs)
2026/08/08 14:25:27 pidblock: Unblock(6296): unblocked
2026/08/08 14:26:15 netvis shutting down
2026/08/08 14:28:29 netvis starting
2026/08/08 14:28:29 netvis: DnsFlushResolverCache -> ok
2026/08/08 14:28:29 netvis: DPI scale = 1.25
2026/08/08 14:28:29 monitor: capture started
2026/08/08 14:28:29 blocker: started, blocklist=99568 allowlist=0 dohIPs=10
2026/08/08 14:29:15 netvis shutting down
